// Jest Snapshot v1, https://goo.gl/fbAQLP

exports[`integ snapshot validation 1`] = `
Object {
  "Outputs": Object {
    "TopicName": Object {
      "Value": Object {
        "Fn::GetAtt": Array [
          "TopicBFC7AF6E",
          "TopicName",
        ],
      },
    },
  },
  "Resources": Object {
    "TopicBFC7AF6E": Object {
      "Type": "AWS::SNS::Topic",
    },
  },
}
`;

exports[`integ snapshot validation 2`] = `
Object {
  "Outputs": Object {
    "RemoteTopicName": Object {
      "Value": Object {
        "Fn::GetAtt": Array [
          "OutputsStackOutputs304E877D",
          "TopicName",
        ],
      },
    },
  },
  "Parameters": Object {
    "AssetParameters1ed82f549c7384dfae04a04440b3d1bf30653fde425e280dbb3ea03dbb3c96fcArtifactHash0BEB5284": Object {
      "Description": "Artifact hash for asset \\"1ed82f549c7384dfae04a04440b3d1bf30653fde425e280dbb3ea03dbb3c96fc\\"",
      "Type": "String",
    },
    "AssetParameters1ed82f549c7384dfae04a04440b3d1bf30653fde425e280dbb3ea03dbb3c96fcS3Bucket52402240": Object {
      "Description": "S3 bucket for asset \\"1ed82f549c7384dfae04a04440b3d1bf30653fde425e280dbb3ea03dbb3c96fc\\"",
      "Type": "String",
    },
    "AssetParameters1ed82f549c7384dfae04a04440b3d1bf30653fde425e280dbb3ea03dbb3c96fcS3VersionKey772C133C": Object {
      "Description": "S3 key for asset version \\"1ed82f549c7384dfae04a04440b3d1bf30653fde425e280dbb3ea03dbb3c96fc\\"",
      "Type": "String",
    },
    "AssetParameters20e06317b2e4aa8c9a1052d2e0f40d4c738bc91399a9ea24aa2b1e013bfe584bArtifactHash6D2CA43C": Object {
      "Description": "Artifact hash for asset \\"20e06317b2e4aa8c9a1052d2e0f40d4c738bc91399a9ea24aa2b1e013bfe584b\\"",
      "Type": "String",
    },
    "AssetParameters20e06317b2e4aa8c9a1052d2e0f40d4c738bc91399a9ea24aa2b1e013bfe584bS3BucketD5770D8A": Object {
      "Description": "S3 bucket for asset \\"20e06317b2e4aa8c9a1052d2e0f40d4c738bc91399a9ea24aa2b1e013bfe584b\\"",
      "Type": "String",
    },
    "AssetParameters20e06317b2e4aa8c9a1052d2e0f40d4c738bc91399a9ea24aa2b1e013bfe584bS3VersionKey7334E3C3": Object {
      "Description": "S3 key for asset version \\"20e06317b2e4aa8c9a1052d2e0f40d4c738bc91399a9ea24aa2b1e013bfe584b\\"",
      "Type": "String",
    },
    "AssetParametersf670d054a68af5688e2e03152c9e3e49b0523cf459462779d80b59c1e04b67a6ArtifactHash09DD926F": Object {
      "Description": "Artifact hash for asset \\"f670d054a68af5688e2e03152c9e3e49b0523cf459462779d80b59c1e04b67a6\\"",
      "Type": "String",
    },
    "AssetParametersf670d054a68af5688e2e03152c9e3e49b0523cf459462779d80b59c1e04b67a6S3Bucket33BAB0E8": Object {
      "Description": "S3 bucket for asset \\"f670d054a68af5688e2e03152c9e3e49b0523cf459462779d80b59c1e04b67a6\\"",
      "Type": "String",
    },
    "AssetParametersf670d054a68af5688e2e03152c9e3e49b0523cf459462779d80b59c1e04b67a6S3VersionKey53DA2315": Object {
      "Description": "S3 key for asset version \\"f670d054a68af5688e2e03152c9e3e49b0523cf459462779d80b59c1e04b67a6\\"",
      "Type": "String",
    },
  },
  "Resources": Object {
    "LogRetentionaae0aa3c5b4d4f87b02d85b201efdd8aFD4BFC8A": Object {
      "DependsOn": Array [
        "LogRetentionaae0aa3c5b4d4f87b02d85b201efdd8aServiceRoleDefaultPolicyADDA7DEB",
        "LogRetentionaae0aa3c5b4d4f87b02d85b201efdd8aServiceRole9741ECFB",
      ],
      "Properties": Object {
        "Code": Object {
          "S3Bucket": Object {
            "Ref": "AssetParameters20e06317b2e4aa8c9a1052d2e0f40d4c738bc91399a9ea24aa2b1e013bfe584bS3BucketD5770D8A",
          },
          "S3Key": Object {
            "Fn::Join": Array [
              "",
              Array [
                Object {
                  "Fn::Select": Array [
                    0,
                    Object {
                      "Fn::Split": Array [
                        "||",
                        Object {
                          "Ref": "AssetParameters20e06317b2e4aa8c9a1052d2e0f40d4c738bc91399a9ea24aa2b1e013bfe584bS3VersionKey7334E3C3",
                        },
                      ],
                    },
                  ],
                },
                Object {
                  "Fn::Select": Array [
                    1,
                    Object {
                      "Fn::Split": Array [
                        "||",
                        Object {
                          "Ref": "AssetParameters20e06317b2e4aa8c9a1052d2e0f40d4c738bc91399a9ea24aa2b1e013bfe584bS3VersionKey7334E3C3",
                        },
                      ],
                    },
                  ],
                },
              ],
            ],
          },
        },
        "Handler": "index.handler",
        "Role": Object {
          "Fn::GetAtt": Array [
            "LogRetentionaae0aa3c5b4d4f87b02d85b201efdd8aServiceRole9741ECFB",
            "Arn",
          ],
        },
        "Runtime": "nodejs10.x",
      },
      "Type": "AWS::Lambda::Function",
    },
    "LogRetentionaae0aa3c5b4d4f87b02d85b201efdd8aServiceRole9741ECFB": Object {
      "Properties": Object {
        "AssumeRolePolicyDocument": Object {
          "Statement": Array [
            Object {
              "Action": "sts:AssumeRole",
              "Effect": "Allow",
              "Principal": Object {
                "Service": "lambda.amazonaws.com",
              },
            },
          ],
          "Version": "2012-10-17",
        },
        "ManagedPolicyArns": Array [
          Object {
            "Fn::Join": Array [
              "",
              Array [
                "arn:",
                Object {
                  "Ref": "AWS::Partition",
                },
                ":iam::aws:policy/service-role/AWSLambdaBasicExecutionRole",
              ],
            ],
          },
        ],
      },
      "Type": "AWS::IAM::Role",
    },
    "LogRetentionaae0aa3c5b4d4f87b02d85b201efdd8aServiceRoleDefaultPolicyADDA7DEB": Object {
      "Properties": Object {
        "PolicyDocument": Object {
          "Statement": Array [
            Object {
              "Action": Array [
                "logs:PutRetentionPolicy",
                "logs:DeleteRetentionPolicy",
              ],
              "Effect": "Allow",
              "Resource": "*",
            },
          ],
          "Version": "2012-10-17",
        },
        "PolicyName": "LogRetentionaae0aa3c5b4d4f87b02d85b201efdd8aServiceRoleDefaultPolicyADDA7DEB",
        "Roles": Array [
          Object {
            "Ref": "LogRetentionaae0aa3c5b4d4f87b02d85b201efdd8aServiceRole9741ECFB",
          },
        ],
      },
      "Type": "AWS::IAM::Policy",
    },
    "OutputsMyHandlerF583D0C8": Object {
      "DependsOn": Array [
        "OutputsMyHandlerServiceRoleDefaultPolicy7D012100",
        "OutputsMyHandlerServiceRole597B9B61",
      ],
      "Properties": Object {
        "Code": Object {
          "S3Bucket": Object {
            "Ref": "AssetParametersf670d054a68af5688e2e03152c9e3e49b0523cf459462779d80b59c1e04b67a6S3Bucket33BAB0E8",
          },
          "S3Key": Object {
            "Fn::Join": Array [
              "",
              Array [
                Object {
                  "Fn::Select": Array [
                    0,
                    Object {
                      "Fn::Split": Array [
                        "||",
                        Object {
                          "Ref": "AssetParametersf670d054a68af5688e2e03152c9e3e49b0523cf459462779d80b59c1e04b67a6S3VersionKey53DA2315",
                        },
                      ],
                    },
                  ],
                },
                Object {
                  "Fn::Select": Array [
                    1,
                    Object {
                      "Fn::Split": Array [
                        "||",
                        Object {
                          "Ref": "AssetParametersf670d054a68af5688e2e03152c9e3e49b0523cf459462779d80b59c1e04b67a6S3VersionKey53DA2315",
                        },
                      ],
                    },
                  ],
                },
              ],
            ],
          },
        },
        "Handler": "index.on_event",
        "Role": Object {
          "Fn::GetAtt": Array [
            "OutputsMyHandlerServiceRole597B9B61",
            "Arn",
          ],
        },
        "Runtime": "python3.8",
      },
      "Type": "AWS::Lambda::Function",
    },
    "OutputsMyHandlerServiceRole597B9B61": Object {
      "Properties": Object {
        "AssumeRolePolicyDocument": Object {
          "Statement": Array [
            Object {
              "Action": "sts:AssumeRole",
              "Effect": "Allow",
              "Principal": Object {
                "Service": "lambda.amazonaws.com",
              },
            },
          ],
          "Version": "2012-10-17",
        },
        "ManagedPolicyArns": Array [
          Object {
            "Fn::Join": Array [
              "",
              Array [
                "arn:",
                Object {
                  "Ref": "AWS::Partition",
                },
                ":iam::aws:policy/service-role/AWSLambdaBasicExecutionRole",
              ],
            ],
          },
        ],
      },
      "Type": "AWS::IAM::Role",
    },
    "OutputsMyHandlerServiceRoleDefaultPolicy7D012100": Object {
      "Properties": Object {
        "PolicyDocument": Object {
          "Statement": Array [
            Object {
              "Action": "cloudformation:DescribeStacks",
              "Effect": "Allow",
              "Resource": "*",
            },
          ],
          "Version": "2012-10-17",
        },
        "PolicyName": "OutputsMyHandlerServiceRoleDefaultPolicy7D012100",
        "Roles": Array [
          Object {
            "Ref": "OutputsMyHandlerServiceRole597B9B61",
          },
        ],
      },
      "Type": "AWS::IAM::Policy",
    },
    "OutputsMyProviderframeworkonEvent64931F85": Object {
      "DependsOn": Array [
        "OutputsMyProviderframeworkonEventServiceRoleDefaultPolicy95F14376",
        "OutputsMyProviderframeworkonEventServiceRole1269FAA8",
      ],
      "Properties": Object {
        "Code": Object {
          "S3Bucket": Object {
            "Ref": "AssetParameters1ed82f549c7384dfae04a04440b3d1bf30653fde425e280dbb3ea03dbb3c96fcS3Bucket52402240",
          },
          "S3Key": Object {
            "Fn::Join": Array [
              "",
              Array [
                Object {
                  "Fn::Select": Array [
                    0,
                    Object {
                      "Fn::Split": Array [
                        "||",
                        Object {
                          "Ref": "AssetParameters1ed82f549c7384dfae04a04440b3d1bf30653fde425e280dbb3ea03dbb3c96fcS3VersionKey772C133C",
                        },
                      ],
                    },
                  ],
                },
                Object {
                  "Fn::Select": Array [
                    1,
                    Object {
                      "Fn::Split": Array [
                        "||",
                        Object {
                          "Ref": "AssetParameters1ed82f549c7384dfae04a04440b3d1bf30653fde425e280dbb3ea03dbb3c96fcS3VersionKey772C133C",
                        },
                      ],
                    },
                  ],
                },
              ],
            ],
          },
        },
        "Description": "AWS CDK resource provider framework - onEvent (demo-stack-us/Outputs/MyProvider)",
        "Environment": Object {
          "Variables": Object {
            "USER_ON_EVENT_FUNCTION_ARN": Object {
              "Fn::GetAtt": Array [
                "OutputsMyHandlerF583D0C8",
                "Arn",
              ],
            },
          },
        },
        "Handler": "framework.onEvent",
        "Role": Object {
          "Fn::GetAtt": Array [
            "OutputsMyProviderframeworkonEventServiceRole1269FAA8",
            "Arn",
          ],
        },
        "Runtime": "nodejs10.x",
        "Timeout": 900,
      },
      "Type": "AWS::Lambda::Function",
    },
    "OutputsMyProviderframeworkonEventLogRetention434DEDC5": Object {
      "Properties": Object {
        "LogGroupName": Object {
          "Fn::Join": Array [
            "",
            Array [
              "/aws/lambda/",
              Object {
                "Ref": "OutputsMyProviderframeworkonEvent64931F85",
              },
            ],
          ],
        },
        "RetentionInDays": 1,
        "ServiceToken": Object {
          "Fn::GetAtt": Array [
            "LogRetentionaae0aa3c5b4d4f87b02d85b201efdd8aFD4BFC8A",
            "Arn",
          ],
        },
      },
      "Type": "Custom::LogRetention",
    },
    "OutputsMyProviderframeworkonEventServiceRole1269FAA8": Object {
      "Properties": Object {
        "AssumeRolePolicyDocument": Object {
          "Statement": Array [
            Object {
              "Action": "sts:AssumeRole",
              "Effect": "Allow",
              "Principal": Object {
                "Service": "lambda.amazonaws.com",
              },
            },
          ],
          "Version": "2012-10-17",
        },
        "ManagedPolicyArns": Array [
          Object {
            "Fn::Join": Array [
              "",
              Array [
                "arn:",
                Object {
                  "Ref": "AWS::Partition",
                },
                ":iam::aws:policy/service-role/AWSLambdaBasicExecutionRole",
              ],
            ],
          },
        ],
      },
      "Type": "AWS::IAM::Role",
    },
    "OutputsMyProviderframeworkonEventServiceRoleDefaultPolicy95F14376": Object {
      "Properties": Object {
        "PolicyDocument": Object {
          "Statement": Array [
            Object {
              "Action": "lambda:InvokeFunction",
              "Effect": "Allow",
              "Resource": Object {
                "Fn::GetAtt": Array [
                  "OutputsMyHandlerF583D0C8",
                  "Arn",
                ],
              },
            },
          ],
          "Version": "2012-10-17",
        },
        "PolicyName": "OutputsMyProviderframeworkonEventServiceRoleDefaultPolicy95F14376",
        "Roles": Array [
          Object {
            "Ref": "OutputsMyProviderframeworkonEventServiceRole1269FAA8",
          },
        ],
      },
      "Type": "AWS::IAM::Policy",
    },
    "OutputsStackOutputs304E877D": Object {
      "DeletionPolicy": "Delete",
      "Properties": Object {
        "ServiceToken": Object {
          "Fn::GetAtt": Array [
            "OutputsMyProviderframeworkonEvent64931F85",
            "Arn",
          ],
        },
        "regionName": "ap-northeast-1",
        "stackName": "demo-stack-jp",
      },
      "Type": "AWS::CloudFormation::CustomResource",
      "UpdateReplacePolicy": "Delete",
    },
  },
}
`;
